
> supafood@0.1.0 build
> next build

Ôû▓ Next.js 16.1.6 (Turbopack)
- Environments: .env.local

  Creating an optimized production build ...
Ô£ô Compiled successfully in 8.7s
  Running TypeScript ...
  Collecting page data using 27 workers ...
  Generating static pages using 27 workers (0/3) ...
Ô£ô Generating static pages using 27 workers (3/3) in 1485.1ms
  Finalizing page optimization ...

Route (app)
Ôöî Ôùï /_not-found
Ôö£ ãÆ /[locale]
Ôö£ ãÆ /[locale]/analytics
Ôö£ ãÆ /[locale]/home
Ôö£ ãÆ /[locale]/login
Ôö£ ãÆ /[locale]/menu
Ôö£ ãÆ /[locale]/onboarding
Ôö£ ãÆ /[locale]/orders
Ôö£ ãÆ /[locale]/register
Ôö£ ãÆ /[locale]/restaurants
Ôö£ ãÆ /[locale]/settings
Ôö£ ãÆ /[locale]/staff
Ôö£ ãÆ /[locale]/tables
Ôöö ãÆ /[locale]/track


ãÆ Proxy (Middleware)

Ôùï  (Static)   prerendered as static content
ãÆ  (Dynamic)  server-rendered on demand

